current directory: /Users/chealkeo/Desktop/Buaa-lab/vendor/bundle/ruby/3.3.0/gems/date-3.5.1/ext/date
/Users/chealkeo/.rbenv/versions/3.3.5/bin/ruby extconf.rb
checking for rb_category_warn()... yes
checking for timezone in time.h with  -Werror... yes
checking for altzone in time.h with  -Werror... no
creating Makefile

current directory: /Users/chealkeo/Desktop/Buaa-lab/vendor/bundle/ruby/3.3.0/gems/date-3.5.1/ext/date
make DESTDIR\= sitearchdir\=./.gem.20260820-62526-t7bv7q sitelibdir\=./.gem.20260820-62526-t7bv7q clean

current directory: /Users/chealkeo/Desktop/Buaa-lab/vendor/bundle/ruby/3.3.0/gems/date-3.5.1/ext/date
make DESTDIR\= sitearchdir\=./.gem.20260820-62526-t7bv7q sitelibdir\=./.gem.20260820-62526-t7bv7q
compiling date_core.c
compiling date_parse.c
compiling date_strftime.c
compiling date_strptime.c
linking shared-object date_core.bundle

current directory: /Users/chealkeo/Desktop/Buaa-lab/vendor/bundle/ruby/3.3.0/gems/date-3.5.1/ext/date
make DESTDIR\= sitearchdir\=./.gem.20260820-62526-t7bv7q sitelibdir\=./.gem.20260820-62526-t7bv7q install
/usr/bin/install -c -m 0755 date_core.bundle ./.gem.20260820-62526-t7bv7q

current directory: /Users/chealkeo/Desktop/Buaa-lab/vendor/bundle/ruby/3.3.0/gems/date-3.5.1/ext/date
make DESTDIR\= sitearchdir\=./.gem.20260820-62526-t7bv7q sitelibdir\=./.gem.20260820-62526-t7bv7q clean
