current directory: /Users/chealkeo/Desktop/Buaa-lab/vendor/bundle/ruby/3.3.0/gems/json-2.19.9/ext/json/ext/parser
/Users/chealkeo/.rbenv/versions/3.3.5/bin/ruby extconf.rb
checking for rb_enc_interned_str() in ruby/encoding.h... yes
checking for rb_str_to_interned_str() in ruby.h... yes
checking for rb_hash_new_capa() in ruby.h... yes
checking for rb_hash_bulk_insert() in ruby.h... yes
checking for RUBY_TYPED_EMBEDDABLE in ruby.h... yes
checking for whether -std=c99 is accepted as CFLAGS... yes
checking for x86intrin.h... yes
checking for cpuid.h... yes
creating Makefile

current directory: /Users/chealkeo/Desktop/Buaa-lab/vendor/bundle/ruby/3.3.0/gems/json-2.19.9/ext/json/ext/parser
make DESTDIR\= sitearchdir\=./.gem.20260820-62526-ytwi7h sitelibdir\=./.gem.20260820-62526-ytwi7h clean

current directory: /Users/chealkeo/Desktop/Buaa-lab/vendor/bundle/ruby/3.3.0/gems/json-2.19.9/ext/json/ext/parser
make DESTDIR\= sitearchdir\=./.gem.20260820-62526-ytwi7h sitelibdir\=./.gem.20260820-62526-ytwi7h
compiling parser.c
linking shared-object json/ext/parser.bundle

current directory: /Users/chealkeo/Desktop/Buaa-lab/vendor/bundle/ruby/3.3.0/gems/json-2.19.9/ext/json/ext/parser
make DESTDIR\= sitearchdir\=./.gem.20260820-62526-ytwi7h sitelibdir\=./.gem.20260820-62526-ytwi7h install
/usr/bin/install -c -m 0755 parser.bundle ./.gem.20260820-62526-ytwi7h/json/ext

current directory: /Users/chealkeo/Desktop/Buaa-lab/vendor/bundle/ruby/3.3.0/gems/json-2.19.9/ext/json/ext/parser
make DESTDIR\= sitearchdir\=./.gem.20260820-62526-ytwi7h sitelibdir\=./.gem.20260820-62526-ytwi7h clean
